mode: set
RATFF/server_cli/api.go:13.50,15.16 2 1
RATFF/server_cli/api.go:15.16,17.3 1 0
RATFF/server_cli/api.go:19.2,19.20 1 1
RATFF/server_cli/api.go:19.20,21.3 1 1
RATFF/server_cli/api.go:23.2,23.35 1 1
RATFF/server_cli/api.go:27.54,29.16 2 1
RATFF/server_cli/api.go:29.16,31.3 1 0
RATFF/server_cli/api.go:33.2,34.16 2 1
RATFF/server_cli/api.go:34.16,36.3 1 0
RATFF/server_cli/api.go:38.2,39.20 2 1
RATFF/server_cli/api.go:39.20,41.3 1 1
RATFF/server_cli/api.go:43.2,44.16 2 1
RATFF/server_cli/api.go:44.16,46.3 1 0
RATFF/server_cli/api.go:47.2,49.38 2 1
RATFF/server_cli/api.go:49.38,51.3 1 1
RATFF/server_cli/api.go:53.2,53.12 1 1
RATFF/server_cli/api.go:57.50,59.16 2 1
RATFF/server_cli/api.go:59.16,61.3 1 0
RATFF/server_cli/api.go:62.2,64.38 2 1
RATFF/server_cli/api.go:64.38,66.3 1 1
RATFF/server_cli/api.go:68.2,71.67 2 1
RATFF/server_cli/api.go:71.67,73.3 1 1
RATFF/server_cli/api.go:75.2,75.28 1 1
RATFF/server_cli/api.go:79.56,81.2 1 1
RATFF/server_cli/auth.go:13.50,16.16 3 1
RATFF/server_cli/auth.go:16.16,18.3 1 0
RATFF/server_cli/auth.go:20.2,21.16 2 1
RATFF/server_cli/auth.go:21.16,23.3 1 0
RATFF/server_cli/auth.go:24.2,26.44 2 1
RATFF/server_cli/auth.go:26.44,28.3 1 1
RATFF/server_cli/auth.go:30.2,30.48 1 1
RATFF/server_cli/auth.go:30.48,32.3 1 1
RATFF/server_cli/auth.go:34.2,35.16 2 1
RATFF/server_cli/auth.go:35.16,37.3 1 0
RATFF/server_cli/auth.go:39.2,42.58 2 1
RATFF/server_cli/auth.go:42.58,44.3 1 1
RATFF/server_cli/auth.go:46.2,46.26 1 1
RATFF/server_cli/commands.go:10.20,12.16 2 1
RATFF/server_cli/commands.go:12.16,15.3 2 1
RATFF/server_cli/commands.go:17.2,17.27 1 1
RATFF/server_cli/commands.go:21.35,23.16 2 1
RATFF/server_cli/commands.go:23.16,26.3 2 1
RATFF/server_cli/commands.go:28.2,28.28 1 1
RATFF/server_cli/commands.go:28.28,29.17 1 1
RATFF/server_cli/commands.go:29.17,32.4 2 1
RATFF/server_cli/commands.go:35.2,36.14 2 1
RATFF/server_cli/commands.go:40.30,42.16 2 1
RATFF/server_cli/commands.go:42.16,45.3 2 1
RATFF/server_cli/commands.go:47.2,48.28 2 1
RATFF/server_cli/commands.go:48.28,49.17 1 1
RATFF/server_cli/commands.go:49.17,51.9 2 1
RATFF/server_cli/commands.go:55.2,55.12 1 1
RATFF/server_cli/commands.go:55.12,58.3 2 1
RATFF/server_cli/commands.go:60.2,64.45 2 1
RATFF/server_cli/commands.go:64.45,67.3 2 0
RATFF/server_cli/commands.go:69.2,69.35 1 1
RATFF/server_cli/commands.go:73.46,85.45 6 0
RATFF/server_cli/commands.go:85.45,91.3 5 0
RATFF/server_cli/commands.go:93.2,93.9 1 0
RATFF/server_cli/commands.go:94.19,95.25 1 0
RATFF/server_cli/commands.go:95.25,96.42 1 0
RATFF/server_cli/commands.go:96.42,97.43 1 0
RATFF/server_cli/commands.go:97.43,99.6 1 0
RATFF/server_cli/commands.go:101.4,101.41 1 0
RATFF/server_cli/commands.go:101.41,102.43 1 0
RATFF/server_cli/commands.go:102.43,104.6 1 0
RATFF/server_cli/commands.go:107.38,111.21 4 0
RATFF/server_cli/config.go:17.29,19.20 2 1
RATFF/server_cli/config.go:19.20,21.3 1 1
RATFF/server_cli/config.go:22.2,22.28 1 1
RATFF/server_cli/config.go:22.28,24.3 1 1
RATFF/server_cli/config.go:25.2,25.13 1 1
RATFF/server_cli/config.go:28.24,30.20 2 1
RATFF/server_cli/config.go:30.20,32.3 1 1
RATFF/server_cli/config.go:33.2,33.28 1 1
RATFF/server_cli/config.go:33.28,35.3 1 1
RATFF/server_cli/config.go:36.2,36.21 1 1
RATFF/server_cli/helpers.go:10.56,12.2 1 0
RATFF/server_cli/helpers.go:15.63,19.13 3 1
RATFF/server_cli/helpers.go:20.14,21.20 1 1
RATFF/server_cli/helpers.go:22.14,23.16 1 1
RATFF/server_cli/helpers.go:24.16,25.21 1 1
RATFF/server_cli/helpers.go:25.21,28.4 2 1
RATFF/server_cli/helpers.go:29.3,29.29 1 0
RATFF/server_cli/helpers.go:29.29,31.4 1 0
RATFF/server_cli/helpers.go:32.16,33.21 1 1
RATFF/server_cli/helpers.go:33.21,36.4 2 1
RATFF/server_cli/helpers.go:37.3,37.25 1 0
RATFF/server_cli/helpers.go:38.15,39.16 1 1
RATFF/server_cli/helpers.go:40.14,42.13 2 0
RATFF/server_cli/helpers.go:43.10,44.35 1 1
RATFF/server_cli/helpers.go:47.2,47.19 1 1
RATFF/server_cli/helpers.go:51.45,55.13 3 1
RATFF/server_cli/helpers.go:56.14,58.12 2 1
RATFF/server_cli/helpers.go:59.17,60.25 1 1
RATFF/server_cli/helpers.go:61.14,62.16 1 1
RATFF/server_cli/helpers.go:63.14,64.16 1 1
RATFF/server_cli/helpers.go:65.10,67.12 2 1
RATFF/server_cli/helpers.go:72.24,81.2 1 1
RATFF/server_cli/helpers.go:84.25,91.2 1 1
RATFF/server_cli/helpers.go:94.20,96.2 1 1
RATFF/server_cli/helpers.go:99.49,101.2 1 0
RATFF/server_cli/main.go:12.37,15.26 2 0
RATFF/server_cli/main.go:15.26,17.21 2 0
RATFF/server_cli/main.go:17.21,19.4 1 0
RATFF/server_cli/main.go:20.3,20.27 1 0
RATFF/server_cli/main.go:23.2,24.16 2 0
RATFF/server_cli/main.go:24.16,26.3 1 0
RATFF/server_cli/main.go:28.2,30.30 2 0
RATFF/server_cli/main.go:33.13,34.44 1 0
RATFF/server_cli/main.go:34.44,36.3 1 0
RATFF/server_cli/main.go:38.2,41.16 4 0
RATFF/server_cli/main.go:41.16,44.3 2 0
RATFF/server_cli/main.go:46.2,48.16 3 0
RATFF/server_cli/main.go:48.16,51.3 2 0
RATFF/server_cli/main.go:53.2,53.29 1 0
RATFF/server_cli/main.go:53.29,56.3 2 0
RATFF/server_cli/main.go:58.2,59.16 2 0
RATFF/server_cli/main.go:59.16,62.3 2 0
RATFF/server_cli/main.go:63.2,67.16 4 0
RATFF/server_cli/main.go:67.16,70.3 2 0
RATFF/server_cli/main.go:71.2,81.6 7 0
RATFF/server_cli/main.go:81.6,85.27 3 0
RATFF/server_cli/main.go:85.27,86.9 1 0
RATFF/server_cli/main.go:89.3,90.18 2 0
RATFF/server_cli/main.go:90.18,91.12 1 0
RATFF/server_cli/main.go:94.3,94.23 1 0
RATFF/server_cli/main.go:94.23,96.4 1 0
RATFF/server_cli/main.go:96.9,96.27 1 0
RATFF/server_cli/main.go:96.27,97.23 1 0
RATFF/server_cli/main.go:97.23,99.13 2 0
RATFF/server_cli/main.go:101.4,101.40 1 0
RATFF/server_cli/main.go:102.9,104.18 2 0
RATFF/server_cli/main.go:105.25,106.25 1 0
RATFF/server_cli/main.go:107.16,108.20 1 0
RATFF/server_cli/main.go:109.16,111.11 2 0
RATFF/server_cli/main.go:116.2,116.43 1 0
RATFF/server_cli/main.go:116.43,118.3 1 0
RATFF/server_cli/output.go:20.31,23.2 2 1
RATFF/server_cli/output.go:26.29,29.2 2 1
RATFF/server_cli/output.go:32.28,35.2 2 1
RATFF/server_cli/output.go:38.29,41.2 2 1
RATFF/server_cli/output.go:44.28,47.2 2 1
RATFF/server_cli/output.go:50.56,51.14 1 1
RATFF/server_cli/output.go:51.14,53.3 1 1
RATFF/server_cli/output.go:54.2,54.19 1 1
RATFF/server_cli/output.go:54.19,56.3 1 1
RATFF/server_cli/output.go:57.2,57.65 1 1
RATFF/server_cli/output.go:61.47,67.2 1 1
RATFF/server_cli/output_help.go:22.40,26.31 3 1
RATFF/server_cli/output_help.go:26.31,30.3 3 1
RATFF/server_cli/output_table.go:29.52,30.23 1 1
RATFF/server_cli/output_table.go:30.23,33.3 2 1
RATFF/server_cli/output_table.go:35.2,41.47 2 1
RATFF/server_cli/output_table.go:41.47,43.30 1 1
RATFF/server_cli/output_table.go:43.30,47.5 1 1
RATFF/server_cli/output_table.go:50.4,51.18 2 1
RATFF/server_cli/output_table.go:51.18,53.5 1 1
RATFF/server_cli/output_table.go:53.10,55.5 1 0
RATFF/server_cli/output_table.go:57.4,59.15 2 1
RATFF/server_cli/output_table.go:60.11,66.18 1 1
RATFF/server_cli/output_table.go:67.11,68.33 1 1
RATFF/server_cli/output_table.go:69.12,70.31 1 1
RATFF/server_cli/output_table.go:73.4,73.12 1 1
RATFF/server_cli/output_table.go:76.2,76.28 1 1
RATFF/server_cli/output_table.go:76.28,83.3 1 1
RATFF/server_cli/output_table.go:85.2,85.16 1 1
RATFF/server_cli/output_table.go:88.33,89.41 1 1
RATFF/server_cli/output_table.go:89.41,91.3 1 1
RATFF/server_cli/output_table.go:94.2,95.29 2 1
RATFF/server_cli/output_table.go:95.29,97.3 1 0
RATFF/server_cli/output_table.go:99.2,99.44 1 1
RATFF/server_cli/translations.go:18.32,23.16 4 1
RATFF/server_cli/translations.go:23.16,25.3 1 0
RATFF/server_cli/translations.go:27.2,27.32 1 1
RATFF/server_cli/translations.go:27.32,28.20 1 1
RATFF/server_cli/translations.go:28.20,29.12 1 0
RATFF/server_cli/translations.go:32.3,33.21 2 1
RATFF/server_cli/translations.go:33.21,34.12 1 0
RATFF/server_cli/translations.go:37.3,41.17 4 1
RATFF/server_cli/translations.go:41.17,43.4 1 0
RATFF/server_cli/translations.go:45.3,46.61 2 1
RATFF/server_cli/translations.go:46.61,48.4 1 0
RATFF/server_cli/translations.go:50.3,50.37 1 1
RATFF/server_cli/translations.go:53.2,53.12 1 1
RATFF/server_cli/translations.go:59.27,61.23 2 1
RATFF/server_cli/translations.go:61.23,63.3 1 0
RATFF/server_cli/translations.go:65.2,65.44 1 1
RATFF/server_cli/translations.go:65.44,66.39 1 1
RATFF/server_cli/translations.go:66.39,68.4 1 1
RATFF/server_cli/translations.go:71.2,71.40 1 1
RATFF/server_cli/translations.go:71.40,72.30 1 1
RATFF/server_cli/translations.go:72.30,73.12 1 1
RATFF/server_cli/translations.go:75.3,75.39 1 1
RATFF/server_cli/translations.go:75.39,77.4 1 0
RATFF/server_cli/translations.go:80.2,80.12 1 1
RATFF/server_cli/translations.go:83.49,86.2 2 1
RATFF/server_cli/websocket.go:12.55,14.16 2 0
RATFF/server_cli/websocket.go:14.16,16.3 1 0
RATFF/server_cli/websocket.go:18.2,21.16 4 0
RATFF/server_cli/websocket.go:21.16,23.3 1 0
RATFF/server_cli/websocket.go:25.2,25.71 1 0
RATFF/server_cli/websocket.go:25.71,27.3 1 0
RATFF/server_cli/websocket.go:29.2,29.18 1 0
RATFF/server_cli/websocket.go:33.44,34.6 1 0
RATFF/server_cli/websocket.go:34.6,36.17 2 0
RATFF/server_cli/websocket.go:36.17,38.4 1 0
RATFF/server_cli/websocket.go:40.3,41.52 2 0
RATFF/server_cli/websocket.go:41.52,42.12 1 0
RATFF/server_cli/websocket.go:45.3,45.37 1 0
RATFF/server_cli/websocket.go:45.37,47.46 2 0
RATFF/server_cli/websocket.go:47.46,50.5 2 0
RATFF/server_cli/websocket.go:51.4,51.22 1 0
